
c
c           Bandpass Label Assignments for Stellar Atmospheres
c
c    Label   Bandpass   Reference for Response Function
c    -----   --------   -------------------------------
c       1        u      Crawford, D.L. and Barnes, J.V. 1974, AJ, 75, 978
c       2        v          "                "           "
c       3        b          "                "           "
c       4        y          "                "           "
c       5        U      Buser, R. 1978, Ang, 62, 411
c       6        B      Azusienis and Straizys 1969, Sov. Astron., 13, 316
c       7        V          "             "                "
c       8        R      Johnson, H.L. 1965, ApJ, 141, 923
c       9        I         "            "    "
c      10        J         "            "    "
c      11        K         "            "    "
c      12        L         "            "    "
c      13        M         "            "    "
c      14        N         "            "    "
c      15        R_c    Bessell, M.S. 1983, PASP, 95, 480
c      16        I_c       "            "    "
c      17      230      Kallrath, J., Milone, E.F., Terrell, D., Young, A.T.
c                          1998, ApJ, 508, 308
c      18      250         "             "             "           "
c      19      270         "             "             "           "
c      20      290         "             "             "           "
c      21      310         "             "             "           "
c      22      330         "             "             "           "
c      23     'TyB'    Tycho catalog B
c      24     'TyV'    Tycho catalog V
c      25     'HIP'    Hipparcos catalog
cccccccccccccccccccccccccccccccccccccccccccccccccccccccccccccccccccccccccccccccc
c      PHOEBE extensions:
c
c      26   CoRoT-exo  Carla Maceroni, private communication
c      27   CoRoT-sis  Carla Maceroni, private communication
c      28       H      Johnson, H.L. 1965, ApJ, 141, 923
c      29   Geneva U   Golay, M. 1962, Pub. Obs. Geneve No. 15 (serie A), 29
c      30   Geneva B       "             "             "           "
c      31   Geneva B1      "             "             "           "
c      32   Geneva B2      "             "             "           "
c      33   Geneva V       "             "             "           "
c      34   Geneva V1      "             "             "           "
c      35   Geneva G       "             "             "           "
c      36   Kepler     Kepler Science Book
c      37   SDSS u     Sloan DSS instrument book, Fukugita et al. (1996)
c      38   SDSS g     Sloan DSS instrument book, Fukugita et al. (1996)
c      39   SDSS r     Sloan DSS instrument book, Fukugita et al. (1996)
c      40   SDSS i     Sloan DSS instrument book, Fukugita et al. (1996)
c      41   SDSS z     Sloan DSS instrument book, Fukugita et al. (1996)
c      42   LSST u     LSST science book
c      43   LSST g     LSST science book
c      44   LSST r     LSST science book
c      45   LSST i     LSST science book
c      46   LSST z     LSST science book
c      47   LSST y3    LSST science book
c      48   LSST y4    LSST science book
c      49   Walraven w Lub, J. & Pel, J. W. A&A 54, 137 (1963)
c      50   Walraven u     "             "             "      
c      51   Walraven l     "             "             "      
c      52   Walraven b     "             "             "      
c      53   Walraven v     "             "             "      
c      54   MOST       Walker et al. 2003 PASP  115, 1023
c      55   SWASP 2004 Gomez Maqueo Chew, priv.comm.
c      56   SWASP 2006 Gomez Maqueo Chew, priv.comm.
c      57   BRITE blue Weiss et al. (2014), PASP 126, 573
c      58   BRITE red  Weiss et al. (2014), PASP 126, 573
c      59   TESS       http://svo2.cab.inta-csic.es/theory/fps3/index.php?id=TESS/TESS.Red&&mode=browse&gname=TESS&gname2=TESS
c      60   Spitzer b1 IRAC 3.6 micron array
c      61   Spitzer b1 IRAC 4.5 micron array
c      62   Spitzer b3 IRAC 5.8 micron array
c      63   Spitzer b3 IRAC 8.0 micron array
c      64   STEREO HI-1A, filter with quantum efficiency, Danielle Bewsher, priv. comm.
c      65   STEREO HI-1A, filter without quantum efficiency, Danielle Bewsher, priv. comm.
c      66   STEREO HI-1B, filter with quantum efficiency, Danielle Bewsher, priv. comm.
c      67   STEREO HI-1B, filter without quantum efficiency, Danielle Bewsher, priv. comm.
c      68   Solar Mass Ejection Imager (SMEI), Petr Harmanec, priv. comm.
c
